[33mMAIN_DIRECTORY_LEVEL:-1[0m
[33mRUN_FROM_MODS:false[0m
[33mGLOBAL_OVERRIDE_CUSTOM_OUTPUT_DIR:"Blood-N-Wine-2-Export/Blood-N-Wine-2-Technic-Export"[0m
[33mUSE_CUSTOM_OUTPUT_DIR:true[0m
[33m[0m
[33mProcessing entry:[0m
[90mC:\Games\CurseForge\Minecraft\Instances\Blood-N-Wine-2\.\0_Technic-Only-Files\bin[0m
[90mC:\Games\CurseForge\Minecraft\Instances\Blood-N-Wine-2\.\Blood-N-Wine-2-Export\Blood-N-Wine-2-Technic-Export\bin[0m
[33mCONFIG_LIST: [][0m
[33mFOLDER_LIST: [extraction_cache, songs][0m
[33mSOURCE_FILES: [][0m
Copying folder from:
C:\Games\CurseForge\Minecraft\Instances\Blood-N-Wine-2\0_Technic-Only-Files\bin
to
C:\Games\CurseForge\Minecraft\Instances\Blood-N-Wine-2\Blood-N-Wine-2-Export\Blood-N-Wine-2-Technic-Export\bin
Copying file from:
C:\Games\CurseForge\Minecraft\Instances\Blood-N-Wine-2\0_Technic-Only-Files\bin\modpack.jar
to
C:\Games\CurseForge\Minecraft\Instances\Blood-N-Wine-2\Blood-N-Wine-2-Export\Blood-N-Wine-2-Technic-Export\bin\modpack.jar
File copied successfully.
Source file: C:\Games\CurseForge\Minecraft\Instances\Blood-N-Wine-2\.\0_Technic-Only-Files\bin\modpack.jar
Destination file: C:\Games\CurseForge\Minecraft\Instances\Blood-N-Wine-2\.\Blood-N-Wine-2-Export\Blood-N-Wine-2-Technic-Export\bin\modpack.jar
[32mFolder copy complete.
Source folder: /0_Technic-Only-Files/bin
Destination folder: Blood-N-Wine-2-Export/Blood-N-Wine-2-Technic-Export/bin[0m
[33mRemoving config files: [] from [0m
[33mC:\Games\CurseForge\Minecraft\Instances\Blood-N-Wine-2\.\Blood-N-Wine-2-Export\Blood-N-Wine-2-Technic-Export\bin[0m
Checking relativePath: modpack.jar
[33mConfig file removal complete.[0m
[33mDeleting folders: [extraction_cache, songs] from [0m
[33mC:\Games\CurseForge\Minecraft\Instances\Blood-N-Wine-2\.\Blood-N-Wine-2-Export\Blood-N-Wine-2-Technic-Export\bin[0m
[33mFolder not found:[0m
[33mC:\Games\CurseForge\Minecraft\Instances\Blood-N-Wine-2\.\Blood-N-Wine-2-Export\Blood-N-Wine-2-Technic-Export\bin\extraction_cache[0m
[33mFolder not found:[0m
[33mC:\Games\CurseForge\Minecraft\Instances\Blood-N-Wine-2\.\Blood-N-Wine-2-Export\Blood-N-Wine-2-Technic-Export\bin\songs[0m
[33mFolder deletion complete.[0m
Checking for deletions in C:\Games\CurseForge\Minecraft\Instances\Blood-N-Wine-2\.\Blood-N-Wine-2-Export\Blood-N-Wine-2-Technic-Export\bin
No deletions detected in the source folder.
Deletion check complete.
[33m[33mProcessing complete for this entry.[0m[0m
[33m[33mTask completed successfully.[0m[0m
